// Jest Snapshot v1, https://goo.gl/fbAQLP

exports[`MCFeedback Editor Node MCFeedback builds the expected component 1`] = `
<div
  className="component obojobo-draft--chunks--mc-assessment--mc-feedback editor-feedback"
>
  <button
    className="delete-button"
    onClick={[Function]}
  >
    Ã—
  </button>
  <span
    className="label"
    contentEditable={false}
  >
    Feedback
  </span>
</div>
`;
