// Jest Snapshot v1, https://goo.gl/fbAQLP

exports[`current user middleware requireEvent does set _validationErrors with invalid event 1`] = `
Array [
  Object {
    "location": "body",
    "msg": "must be a valid ISO8601 date string",
    "param": "event.actor_time",
    "value": "12/21/2002",
  },
  Object {
    "location": "body",
    "msg": "must be a valid UUID",
    "param": "event.draft_id",
    "value": "invalid-uuid",
  },
  Object {
    "location": "body",
    "msg": "must match a valid semVer string",
    "param": "event.event_version",
    "value": "1",
  },
  Object {
    "location": "body",
    "msg": "must not be empty",
    "param": "event.action",
    "value": undefined,
  },
  Object {
    "location": "body",
    "msg": "must not be empty",
    "param": "event.action",
    "value": undefined,
  },
]
`;
